
PC@DESKTOP-9LVDORB MINGW64 ~/Desktop/Dev/LG_CNS_AM_Inspirecamp/LG_CNS_AM_Inspirecamp (main|MERGING)
$ git pull origin main
error: You have not concluded your merge (MERGE_HEAD exists).
hint: Please, commit your changes before merging.
fatal: Exiting because of unfinished merge.

PC@DESKTOP-9LVDORB MINGW64 ~/Desktop/Dev/LG_CNS_AM_Inspirecamp/LG_CNS_AM_Inspirecamp (main|MERGING)
$ git add .

PC@DESKTOP-9LVDORB MINGW64 ~/Desktop/Dev/LG_CNS_AM_Inspirecamp/LG_CNS_AM_Inspirecamp (main|MERGING)
$ git add .

PC@DESKTOP-9LVDORB MINGW64 ~/Desktop/Dev/LG_CNS_AM_Inspirecamp/LG_CNS_AM_Inspirecamp (main|MERGING)
$ git commit -m "0502 study"
[main be19ff2] 0502 study

PC@DESKTOP-9LVDORB MINGW64 ~/Desktop/Dev/LG_CNS_AM_Inspirecamp/LG_CNS_AM_Inspirecamp (main)
$ git pull origin main
From https://github.com/YuiseoYule/LG_CNS_AM_Inspirecamp
 * branch            main       -> FETCH_HEAD
Already up to date.

PC@DESKTOP-9LVDORB MINGW64 ~/Desktop/Dev/LG_CNS_AM_Inspirecamp/LG_CNS_AM_Inspirecamp (main)
$ git push origin main
Enumerating objects: 76, done.
Counting objects: 100% (76/76), done.
Delta compression using up to 8 threads
Compressing objects: 100% (64/64), done.
Writing objects: 100% (72/72), 182.35 KiB | 4.56 MiB/s, done.
Total 72 (delta 38), reused 0 (delta 0), pack-reused 0 (from 0)
remote: Resolving deltas: 100% (38/38), completed with 3 local objects.
To https://github.com/YuiseoYule/LG_CNS_AM_Inspirecamp.git
   22fa900..be19ff2  main -> main

PC@DESKTOP-9LVDORB MINGW64 ~/Desktop/Dev/LG_CNS_AM_Inspirecamp/LG_CNS_AM_Inspirecamp (main)
$ 
 *  History restored 

PC@DESKTOP-9LVDORB MINGW64 ~/Desktop/Dev/LG_CNS_AM_Inspirecamp/LG_CNS_AM_Inspirecamp (main)
$ git pull
remote: Enumerating objects: 8, done.
remote: Counting objects: 100% (4/4), done.
remote: Total 8 (delta 4), reused 4 (delta 4), pack-reused 4 (from 1)
Unpacking objects: 100% (8/8), 4.04 KiB | 62.00 KiB/s, done.
From https://github.com/YuiseoYule/LG_CNS_AM_Inspirecamp
   be19ff2..666d447  main       -> origin/main
Updating be19ff2..666d447
Fast-forward
 _posts/2026-05-02-git-and-github.md | 12 +++++++++++-
 1 file changed, 11 insertions(+), 1 deletion(-)

PC@DESKTOP-9LVDORB MINGW64 ~/Desktop/Dev/LG_CNS_AM_Inspirecamp/LG_CNS_AM_Inspirecamp (main)
$ git branch conflict

PC@DESKTOP-9LVDORB MINGW64 ~/Desktop/Dev/LG_CNS_AM_Inspirecamp/LG_CNS_AM_Inspirecamp (main)
$ git branch conflict01

PC@DESKTOP-9LVDORB MINGW64 ~/Desktop/Dev/LG_CNS_AM_Inspirecamp/LG_CNS_AM_Inspirecamp (main)
$ git branch conflict02

PC@DESKTOP-9LVDORB MINGW64 ~/Desktop/Dev/LG_CNS_AM_Inspirecamp/LG_CNS_AM_Inspirecamp (main)
$ git branch
  conflict
  conflict01
  conflict02
* main

PC@DESKTOP-9LVDORB MINGW64 ~/Desktop/Dev/LG_CNS_AM_Inspirecamp/LG_CNS_AM_Inspirecamp (main)
$ git add .

PC@DESKTOP-9LVDORB MINGW64 ~/Desktop/Dev/LG_CNS_AM_Inspirecamp/LG_CNS_AM_Inspirecamp (main)
$ git commit -m "change tigers lions eagles"
[main fbfc85f] change tigers lions eagles
 3 files changed, 5 insertions(+), 2 deletions(-)

PC@DESKTOP-9LVDORB MINGW64 ~/Desktop/Dev/LG_CNS_AM_Inspirecamp/LG_CNS_AM_Inspirecamp (main)
$ git switch conflict01
Switched to branch 'conflict01'

PC@DESKTOP-9LVDORB MINGW64 ~/Desktop/Dev/LG_CNS_AM_Inspirecamp/LG_CNS_AM_Inspirecamp (conflict01)
$ git add .

PC@DESKTOP-9LVDORB MINGW64 ~/Desktop/Dev/LG_CNS_AM_Inspirecamp/LG_CNS_AM_Inspirecamp (conflict01)
$ git commit -m "edit tigers"
[conflict01 3706175] edit tigers
 1 file changed, 1 insertion(+), 1 deletion(-)

PC@DESKTOP-9LVDORB MINGW64 ~/Desktop/Dev/LG_CNS_AM_Inspirecamp/LG_CNS_AM_Inspirecamp (conflict01)
$ git switch conflict02
Switched to branch 'conflict02'

PC@DESKTOP-9LVDORB MINGW64 ~/Desktop/Dev/LG_CNS_AM_Inspirecamp/LG_CNS_AM_Inspirecamp (conflict02)
$ git add .

PC@DESKTOP-9LVDORB MINGW64 ~/Desktop/Dev/LG_CNS_AM_Inspirecamp/LG_CNS_AM_Inspirecamp (conflict02)
$ git commit -m "edit eagles"
[conflict02 b05cff0] edit eagles
 1 file changed, 1 insertion(+)

PC@DESKTOP-9LVDORB MINGW64 ~/Desktop/Dev/LG_CNS_AM_Inspirecamp/LG_CNS_AM_Inspirecamp (conflict02)
$ git add .

PC@DESKTOP-9LVDORB MINGW64 ~/Desktop/Dev/LG_CNS_AM_Inspirecamp/LG_CNS_AM_Inspirecamp (conflict02)
$ git commit -m "edit Bics"
[conflict02 006901e] edit Bics
 1 file changed, 1 insertion(+)

PC@DESKTOP-9LVDORB MINGW64 ~/Desktop/Dev/LG_CNS_AM_Inspirecamp/LG_CNS_AM_Inspirecamp (conflict02)
$ git swtich main
git: 'swtich' is not a git command. See 'git --help'.

The most similar command is
        switch

PC@DESKTOP-9LVDORB MINGW64 ~/Desktop/Dev/LG_CNS_AM_Inspirecamp/LG_CNS_AM_Inspirecamp (conflict02)
$ git switch main 
Switched to branch 'main'
Your branch is ahead of 'origin/main' by 1 commit.
  (use "git push" to publish your local commits)

PC@DESKTOP-9LVDORB MINGW64 ~/Desktop/Dev/LG_CNS_AM_Inspirecamp/LG_CNS_AM_Inspirecamp (main)
$ git merge conflict01
Auto-merging assets/2026-05-02-git-and-github/Practice/tigers.yaml
CONFLICT (content): Merge conflict in assets/2026-05-02-git-and-github/Practice/tigers.yaml
Automatic merge failed; fix conflicts and then commit the result.